// Jest Snapshot v1, https://goo.gl/fbAQLP

exports[`Header 1`] = `
<nav>
  <div
    className="nav-wrapper"
  >
    <a
      className="brand-logo"
      href=""
    >
      PyGrn
    </a>
  </div>
</nav>
`;
