// Jest Snapshot v1, https://goo.gl/fbAQLP

exports[`Main 1`] = `
<div
  className="container"
>
  <div
    className="row"
  >
    <div
      className="col s12"
    >
      <h1>
        Python Girona
      </h1>
    </div>
  </div>
</div>
`;
